
> @oc-expert-devops-training/olympic-games-starter@0.1.3 test
> ng test --watch false

[1m[33m[baseline-browser-mapping] The data in this module is over two months old.  To ensure accurate Baseline data, please update: `npm i baseline-browser-mapping@latest -D`[39m[22m
[33m❯[39m Building...
[32m✔[39m Building...
[1mInitial chunk files[22m             [2m | [22m[1mNames[22m                        [2m | [22m [1mRaw size[22m
[32mchunk-FAACCH7F.js[39m               [2m | [22m[2m-[22m                            [2m | [22m  [36m2.27 MB[39m[2m | [22m
[32mpolyfills.js[39m                    [2m | [22m[2mpolyfills[22m                    [2m | [22m  [36m1.03 MB[39m[2m | [22m
[32mchunk-RJTWLPSM.js[39m               [2m | [22m[2m-[22m                            [2m | [22m[36m261.70 kB[39m[2m | [22m
[32mspec-app.component.spec.js[39m      [2m | [22m[2mspec-app.component.spec[22m      [2m | [22m[36m234.13 kB[39m[2m | [22m
[32mchunk-X54NYD5Y.js[39m               [2m | [22m[2m-[22m                            [2m | [22m [36m96.84 kB[39m[2m | [22m
[32mtest_main.js[39m                    [2m | [22m[2mtest_main[22m                    [2m | [22m [36m93.63 kB[39m[2m | [22m
[32mspec-home.component.spec.js[39m     [2m | [22m[2mspec-home.component.spec[22m     [2m | [22m  [36m3.24 kB[39m[2m | [22m
[32mspec-not-found.component.spec.js[39m[2m | [22m[2mspec-not-found.component.spec[22m[2m | [22m  [36m2.61 kB[39m[2m | [22m
[32mchunk-LNK4GO6F.js[39m               [2m | [22m[2m-[22m                            [2m | [22m  [36m1.08 kB[39m[2m | [22m
[32mspec-olympic.service.spec.js[39m    [2m | [22m[2mspec-olympic.service.spec[22m    [2m | [22m[36m728 bytes[39m[2m | [22m
[32mjasmine-cleanup-0.js[39m            [2m | [22m[2mjasmine-cleanup-0[22m            [2m | [22m[36m519 bytes[39m[2m | [22m
[32mstyles.css[39m                      [2m | [22m[2mstyles[22m                       [2m | [22m [36m96 bytes[39m[2m | [22m

[1m [22m                               [2m | [22m[1mInitial total[22m                [2m | [22m  [1m4.00 MB[22m

Application bundle generation complete. [2.528 seconds] - 2026-02-02T14:20:05.179Z

[32m02 02 2026 15:20:05.510:INFO [karma-server]: [39mKarma v6.4.4 server started at http://localhost:9876/
[32m02 02 2026 15:20:05.511:INFO [launcher]: [39mLaunching browsers ChromeHeadless with concurrency unlimited
[32m02 02 2026 15:20:05.514:INFO [launcher]: [39mStarting browser Chrome
[32m02 02 2026 15:20:06.712:INFO [Chrome Headless 144.0.0.0 (Windows 10)]: [39mConnected on socket JA2n_U_JgjbLuI-OAAAB with id 94112178
Chrome Headless 144.0.0.0 (Windows 10): Executed 0 of 5[32m SUCCESS[39m (0 secs / 0 secs)
[1A[2KChrome Headless 144.0.0.0 (Windows 10): Executed 1 of 5[32m SUCCESS[39m (0 secs / 0.019 secs)
[1A[2KChrome Headless 144.0.0.0 (Windows 10): Executed 2 of 5[32m SUCCESS[39m (0 secs / 0.035 secs)
[1A[2KChrome Headless 144.0.0.0 (Windows 10): Executed 3 of 5[32m SUCCESS[39m (0 secs / 0.043 secs)
[1A[2KChrome Headless 144.0.0.0 (Windows 10): Executed 4 of 5[32m SUCCESS[39m (0 secs / 0.046 secs)
[1A[2KChrome Headless 144.0.0.0 (Windows 10): Executed 5 of 5[32m SUCCESS[39m (0 secs / 0.057 secs)
[1A[2KChrome Headless 144.0.0.0 (Windows 10): Executed 5 of 5[32m SUCCESS[39m (0.062 secs / 0.057 secs)
[32mTOTAL: 5 SUCCESS[39m
npm notice
npm notice New major version of npm available! 10.9.4 -> 11.8.0
npm notice Changelog: https://github.com/npm/cli/releases/tag/v11.8.0
npm notice To update run: npm install -g npm@11.8.0
npm notice
